Project Files/Retailsales_Metrcis.csv
DATE,YEAR,MONTH_NAME,MONTHYEAR,SALES,COST_OF_SALES,QUANTITY_SOLD,SALES_PER_UNIT_PRICE,FRACTION_DAILY_GROSS_PROFIT,FRACTION_DAILY_GROSS_PROFIT_PER_UNIT,SALES_TYPE
2014-02-28,2014,Feb,Feb 2014,661876.50000,686656.79100,20805,31.81333813987,-0.03743944830,-0.037439448296,Promotion
2014-03-01,2014,Mar,Mar 2014,846678.38820,872081.58500,26410,32.05900750473,-0.03000336037,-0.030003360372,Promotion
2014-03-02,2014,Mar,Mar 2014,478902.30490,495554.44990,15004,31.91830877766,-0.03477148644,-0.034771486438,Promotion
2014-03-03,2014,Mar,Mar 2014,538827.20210,557567.13700,16884,31.91348034234,-0.03477911810,-0.034779118105,Promotion
2014-03-07,2014,Mar,Mar 2014,465318.02150,483774.59670,14551,31.97842220466,-0.03966443238,-0.039664432382,Promotion
2014-03-08,2014,Mar,Mar 2014,520146.74960,541498.95820,16262,31.98541074899,-0.04105035476,-0.041050354763,Promotion
2014-03-15,2014,Mar,Mar 2014,518183.21040,534383.14310,15971,32.44525767954,-0.03126294402,-0.031262944022,Promotion
2014-04-17,2014,Apr,Apr 2014,612236.00580,627927.75870,18366,33.33529379288,-0.02563023532,-0.025630235320,Promotion
2014-04-18,2014,Apr,Apr 2014,464815.51790,476692.54370,13940,33.34401132712,-0.02555212841,-0.025552128409,Promotion
2014-05-10,2014,May,May 2014,431695.70920,465253.81570,13306,32.44368774989,-0.07773555721,-0.077735557210,Promotion
2014-05-16,2014,May,May 2014,415315.38390,441790.76720,12949,32.07316270754,-0.06374765859,-0.063747658590,Promotion
2014-05-17,2014,May,May 2014,498716.99760,526707.37700,15508,32.15869213309,-0.05612477524,-0.056124775243,Promotion
2014-05-23,2014,May,May 2014,430521.02450,449274.18630,13384,32.16684283473,-0.04355922413,-0.043559224132,Promotion
2014-05-24,2014,May,May 2014,590642.82570,614245.79410,18356,32.17709880693,-0.03996149174,-0.039961491739,Promotion
2014-05-30,2014,May,May 2014,503149.43130,521651.08610,15637,32.17685178103,-0.03677168978,-0.036771689778,Promotion
2014-05-31,2014,May,May 2014,603748.78950,626259.38680,18775,32.15705936085,-0.03728470796,-0.037284707964,Promotion
2014-06-01,2014,Jun,Jun 2014,456017.46310,473223.98070,14188,32.14106731745,-0.03773214623,-0.037732146228,Promotion
2014-06-02,2014,Jun,Jun 2014,425845.19600,442155.99120,13256,32.12471303561,-0.03830217026,-0.038302170256,Promotion
2014-06-13,2014,Jun,Jun 2014,468701.63020,486180.54440,14585,32.13586768598,-0.03729219843,-0.037292198434,Promotion
2014-06-14,2014,Jun,Jun 2014,473425.75420,492135.29230,14745,32.10754521533,-0.03951947678,-0.039519476780,Promotion
2014-07-25,2014,Jul,Jul 2014,515698.79580,538260.27180,15897,32.44000728439,-0.04374932845,-0.043749328453,Promotion
2014-07-26,2014,Jul,Jul 2014,562590.36650,586670.51410,17343,32.43904552269,-0.04280227504,-0.042802275037,Promotion
2014-08-01,2014,Aug,Aug 2014,611894.67320,636341.31590,18867,32.43200684794,-0.03995237052,-0.039952370515,Promotion
2014-08-02,2014,Aug,Aug 2014,628685.21880,653779.96350,19384,32.43320361123,-0.03991623145,-0.039916231445,Promotion
2014-08-08,2014,Aug,Aug 2014,439421.42210,456509.62190,13542,32.44878320041,-0.03888795343,-0.038887953433,Promotion
2014-08-09,2014,Aug,Aug 2014,408616.35060,424340.94940,12588,32.46078412774,-0.03848254916,-0.038482549161,Promotion
2014-08-15,2014,Aug,Aug 2014,473321.88250,491559.42300,14587,32.44819925276,-0.03853094728,-0.038530947278,Promotion
2014-08-16,2014,Aug,Aug 2014,541600.89220,562953.37080,16686,32.45840178593,-0.03942474783,-0.039424747831,Promotion
2014-08-23,2014,Aug,Aug 2014,453633.47400,463250.07130,13613,33.32354910747,-0.02119904692,-0.021199046921,Promotion
2014-08-29,2014,Aug,Aug 2014,594007.21320,660937.80480,19317,30.75048988973,-0.11267639536,-0.112676395358,Promotion
2014-08-30,2014,Aug,Aug 2014,717096.71280,797788.89200,23310,30.76347974260,-0.11252621545,-0.112526215446,Promotion
2014-09-01,2014,Sep,Sep 2014,594953.63490,662850.99080,19366,30.72155503976,-0.11412209610,-0.114122096105,Promotion
2014-09-02,2014,Sep,Sep 2014,469469.94100,523480.30330,15291,30.70237008698,-0.11504541097,-0.115045410969,Promotion
2014-09-03,2014,Sep,Sep 2014,464067.79930,517180.54330,15100,30.73296684106,-0.11445039729,-0.114450397291,Promotion
2014-09-05,2014,Sep,Sep 2014,501279.00040,558766.69030,16310,30.73445741263,-0.11468202309,-0.114682023093,Promotion
2014-09-06,2014,Sep,Sep 2014,552703.90380,616169.85140,17985,30.73138191827,-0.11482811531,-0.114828115314,Promotion
2014-09-26,2014,Sep,Sep 2014,585463.99600,625980.93020,18036,32.46085584387,-0.06920482639,-0.069204826389,Promotion
2014-09-27,2014,Sep,Sep 2014,617019.09150,661010.59130,19017,32.44565870011,-0.07129682113,-0.071296821129,Promotion
2014-10-01,2014,Oct,Oct 2014,594438.28080,639306.56880,18330,32.42980255319,-0.07548014563,-0.075480145625,Promotion
2014-10-02,2014,Oct,Oct 2014,470507.66300,506072.03330,14503,32.44209218782,-0.07558722864,-0.075587228640,Promotion
2014-10-03,2014,Oct,Oct 2014,518693.52870,557939.36930,15986,32.44673643813,-0.07566286917,-0.075662869167,Promotion
2014-10-04,2014,Oct,Oct 2014,656245.82840,705891.30030,20223,32.45046869406,-0.07565072379,-0.075650723786,Promotion
2014-12-24,2014,Dec,Dec 2014,486230.32020,495909.08960,11809,41.17455501736,-0.01990572985,-0.019905729852,Promotion
2015-03-28,2015,Mar,Mar 2015,459484.66660,501362.57250,12181,37.72142407027,-0.09114103025,-0.091141030254,Promotion
2015-04-01,2015,Apr,Apr 2015,498894.34390,542483.83580,13207,37.77499385932,-0.08737219099,-0.087372190992,Promotion
2015-04-02,2015,Apr,Apr 2015,715032.18990,777522.19280,18936,37.76046630228,-0.08739467087,-0.087394670873,Promotion
2015-04-03,2015,Apr,Apr 2015,510289.21560,554159.81940,13503,37.79080319929,-0.08597203793,-0.085972037932,Promotion
2015-04-25,2015,Apr,Apr 2015,496882.31500,535306.00990,13144,37.80297588253,-0.07732956827,-0.077329568270,Promotion
2015-05-01,2015,May,May 2015,499703.41470,526206.93720,12937,38.62591131638,-0.05303850588,-0.053038505882,Promotion
2015-05-02,2015,May,May 2015,461667.00390,496852.80200,12217,37.78890103135,-0.07621466945,-0.076214669454,Promotion
2015-05-29,2015,May,May 2015,472160.75210,508265.14700,12507,37.75171920525,-0.07646631945,-0.076466319446,Promotion
2015-05-30,2015,May,May 2015,546135.46240,588250.18120,14475,37.72956562349,-0.07711405265,-0.077114052647,Promotion
2015-08-29,2015,Aug,Aug 2015,461188.00490,504578.18880,13484,34.20261086473,-0.09408350486,-0.094083504859,Promotion
2015-10-03,2015,Oct,Oct 2015,451100.06010,515549.38990,13508,33.39502961948,-0.14287147243,-0.142871472431,Promotion
2015-11-28,2015,Nov,Nov 2015,434639.65900,498895.61860,13019,33.38502642292,-0.14783731367,-0.147837313668,Promotion
2016-01-30,2016,Jan,Jan 2016,512603.10350,561872.20600,15345,33.40522016944,-0.09611549786,-0.096115497865,Promotion
2016-04-29,2016,Apr,Apr 2016,455554.33600,489215.06750,13321,34.19820854290,-0.07388960842,-0.073889608418,Promotion
2016-04-30,2016,Apr,Apr 2016,556865.20330,598925.66790,16276,34.21388567830,-0.07553078259,-0.075530782586,Promotion
2016-06-25,2016,Jun,Jun 2016,461280.78560,498910.32900,13793,33.44310777931,-0.08157622120,-0.081576221197,Promotion
2016-07-01,2016,Jul,Jul 2016,479010.15670,517742.19260,14344,33.39446156581,-0.08085848569,-0.080858485688,Promotion
2016-07-02,2016,Jul,Jul 2016,454543.28580,490487.02460,13609,33.40019735469,-0.07907660265,-0.079076602654,Promotion
